make  all-recursive
make[1]: Entering directory '/root/linux/ntfs-3g_ntfsprogs-2022.5.17'
Making all in include
make[2]: Entering directory '/root/linux/ntfs-3g_ntfsprogs-2022.5.17/include'
Making all in ntfs-3g
make[3]: Entering directory '/root/linux/ntfs-3g_ntfsprogs-2022.5.17/include/ntfs-3g'
make[3]: Nothing to be done for 'all'.
make[3]: Leaving directory '/root/linux/ntfs-3g_ntfsprogs-2022.5.17/include/ntfs-3g'
Making all in fuse-lite
make[3]: Entering directory '/root/linux/ntfs-3g_ntfsprogs-2022.5.17/include/fuse-lite'
make[3]: Nothing to be done for 'all'.
make[3]: Leaving directory '/root/linux/ntfs-3g_ntfsprogs-2022.5.17/include/fuse-lite'
make[3]: Entering directory '/root/linux/ntfs-3g_ntfsprogs-2022.5.17/include'
make[3]: Nothing to be done for 'all-am'.
make[3]: Leaving directory '/root/linux/ntfs-3g_ntfsprogs-2022.5.17/include'
make[2]: Leaving directory '/root/linux/ntfs-3g_ntfsprogs-2022.5.17/include'
Making all in libfuse-lite
make[2]: Entering directory '/root/linux/ntfs-3g_ntfsprogs-2022.5.17/libfuse-lite'
/bin/bash ../libtool  --tag=CC   --mode=compile gcc -DHAVE_CONFIG_H -I. -I..   -I../include/fuse-lite    -g -O2 -Wall -MT libfuse_lite_la-fuse.lo -MD -MP -MF .deps/libfuse_lite_la-fuse.Tpo -c -o libfuse_lite_la-fuse.lo `test -f 'fuse.c' || echo './'`fuse.c
libtool: compile:  gcc -DHAVE_CONFIG_H -I. -I.. -I../include/fuse-lite -g -O2 -Wall -MT libfuse_lite_la-fuse.lo -MD -MP -MF .deps/libfuse_lite_la-fuse.Tpo -c fuse.c  -fPIC -DPIC -o .libs/libfuse_lite_la-fuse.o
libtool: compile:  gcc -DHAVE_CONFIG_H -I. -I.. -I../include/fuse-lite -g -O2 -Wall -MT libfuse_lite_la-fuse.lo -MD -MP -MF .deps/libfuse_lite_la-fuse.Tpo -c fuse.c -o libfuse_lite_la-fuse.o >/dev/null 2>&1
mv -f .deps/libfuse_lite_la-fuse.Tpo .deps/libfuse_lite_la-fuse.Plo
/bin/bash ../libtool  --tag=CC   --mode=compile gcc -DHAVE_CONFIG_H -I. -I..   -I../include/fuse-lite    -g -O2 -Wall -MT libfuse_lite_la-fuse_kern_chan.lo -MD -MP -MF .deps/libfuse_lite_la-fuse_kern_chan.Tpo -c -o libfuse_lite_la-fuse_kern_chan.lo `test -f 'fuse_kern_chan.c' || echo './'`fuse_kern_chan.c
libtool: compile:  gcc -DHAVE_CONFIG_H -I. -I.. -I../include/fuse-lite -g -O2 -Wall -MT libfuse_lite_la-fuse_kern_chan.lo -MD -MP -MF .deps/libfuse_lite_la-fuse_kern_chan.Tpo -c fuse_kern_chan.c  -fPIC -DPIC -o .libs/libfuse_lite_la-fuse_kern_chan.o
libtool: compile:  gcc -DHAVE_CONFIG_H -I. -I.. -I../include/fuse-lite -g -O2 -Wall -MT libfuse_lite_la-fuse_kern_chan.lo -MD -MP -MF .deps/libfuse_lite_la-fuse_kern_chan.Tpo -c fuse_kern_chan.c -o libfuse_lite_la-fuse_kern_chan.o >/dev/null 2>&1
mv -f .deps/libfuse_lite_la-fuse_kern_chan.Tpo .deps/libfuse_lite_la-fuse_kern_chan.Plo
/bin/bash ../libtool  --tag=CC   --mode=compile gcc -DHAVE_CONFIG_H -I. -I..   -I../include/fuse-lite    -g -O2 -Wall -MT libfuse_lite_la-fuse_loop.lo -MD -MP -MF .deps/libfuse_lite_la-fuse_loop.Tpo -c -o libfuse_lite_la-fuse_loop.lo `test -f 'fuse_loop.c' || echo './'`fuse_loop.c
libtool: compile:  gcc -DHAVE_CONFIG_H -I. -I.. -I../include/fuse-lite -g -O2 -Wall -MT libfuse_lite_la-fuse_loop.lo -MD -MP -MF .deps/libfuse_lite_la-fuse_loop.Tpo -c fuse_loop.c  -fPIC -DPIC -o .libs/libfuse_lite_la-fuse_loop.o
libtool: compile:  gcc -DHAVE_CONFIG_H -I. -I.. -I../include/fuse-lite -g -O2 -Wall -MT libfuse_lite_la-fuse_loop.lo -MD -MP -MF .deps/libfuse_lite_la-fuse_loop.Tpo -c fuse_loop.c -o libfuse_lite_la-fuse_loop.o >/dev/null 2>&1
mv -f .deps/libfuse_lite_la-fuse_loop.Tpo .deps/libfuse_lite_la-fuse_loop.Plo
/bin/bash ../libtool  --tag=CC   --mode=compile gcc -DHAVE_CONFIG_H -I. -I..   -I../include/fuse-lite    -g -O2 -Wall -MT libfuse_lite_la-fuse_lowlevel.lo -MD -MP -MF .deps/libfuse_lite_la-fuse_lowlevel.Tpo -c -o libfuse_lite_la-fuse_lowlevel.lo `test -f 'fuse_lowlevel.c' || echo './'`fuse_lowlevel.c
libtool: compile:  gcc -DHAVE_CONFIG_H -I. -I.. -I../include/fuse-lite -g -O2 -Wall -MT libfuse_lite_la-fuse_lowlevel.lo -MD -MP -MF .deps/libfuse_lite_la-fuse_lowlevel.Tpo -c fuse_lowlevel.c  -fPIC -DPIC -o .libs/libfuse_lite_la-fuse_lowlevel.o
libtool: compile:  gcc -DHAVE_CONFIG_H -I. -I.. -I../include/fuse-lite -g -O2 -Wall -MT libfuse_lite_la-fuse_lowlevel.lo -MD -MP -MF .deps/libfuse_lite_la-fuse_lowlevel.Tpo -c fuse_lowlevel.c -o libfuse_lite_la-fuse_lowlevel.o >/dev/null 2>&1
mv -f .deps/libfuse_lite_la-fuse_lowlevel.Tpo .deps/libfuse_lite_la-fuse_lowlevel.Plo
/bin/bash ../libtool  --tag=CC   --mode=compile gcc -DHAVE_CONFIG_H -I. -I..   -I../include/fuse-lite    -g -O2 -Wall -MT libfuse_lite_la-fuse_opt.lo -MD -MP -MF .deps/libfuse_lite_la-fuse_opt.Tpo -c -o libfuse_lite_la-fuse_opt.lo `test -f 'fuse_opt.c' || echo './'`fuse_opt.c
libtool: compile:  gcc -DHAVE_CONFIG_H -I. -I.. -I../include/fuse-lite -g -O2 -Wall -MT libfuse_lite_la-fuse_opt.lo -MD -MP -MF .deps/libfuse_lite_la-fuse_opt.Tpo -c fuse_opt.c  -fPIC -DPIC -o .libs/libfuse_lite_la-fuse_opt.o
libtool: compile:  gcc -DHAVE_CONFIG_H -I. -I.. -I../include/fuse-lite -g -O2 -Wall -MT libfuse_lite_la-fuse_opt.lo -MD -MP -MF .deps/libfuse_lite_la-fuse_opt.Tpo -c fuse_opt.c -o libfuse_lite_la-fuse_opt.o >/dev/null 2>&1
mv -f .deps/libfuse_lite_la-fuse_opt.Tpo .deps/libfuse_lite_la-fuse_opt.Plo
/bin/bash ../libtool  --tag=CC   --mode=compile gcc -DHAVE_CONFIG_H -I. -I..   -I../include/fuse-lite    -g -O2 -Wall -MT libfuse_lite_la-fuse_session.lo -MD -MP -MF .deps/libfuse_lite_la-fuse_session.Tpo -c -o libfuse_lite_la-fuse_session.lo `test -f 'fuse_session.c' || echo './'`fuse_session.c
libtool: compile:  gcc -DHAVE_CONFIG_H -I. -I.. -I../include/fuse-lite -g -O2 -Wall -MT libfuse_lite_la-fuse_session.lo -MD -MP -MF .deps/libfuse_lite_la-fuse_session.Tpo -c fuse_session.c  -fPIC -DPIC -o .libs/libfuse_lite_la-fuse_session.o
libtool: compile:  gcc -DHAVE_CONFIG_H -I. -I.. -I../include/fuse-lite -g -O2 -Wall -MT libfuse_lite_la-fuse_session.lo -MD -MP -MF .deps/libfuse_lite_la-fuse_session.Tpo -c fuse_session.c -o libfuse_lite_la-fuse_session.o >/dev/null 2>&1
mv -f .deps/libfuse_lite_la-fuse_session.Tpo .deps/libfuse_lite_la-fuse_session.Plo
/bin/bash ../libtool  --tag=CC   --mode=compile gcc -DHAVE_CONFIG_H -I. -I..   -I../include/fuse-lite    -g -O2 -Wall -MT libfuse_lite_la-fuse_signals.lo -MD -MP -MF .deps/libfuse_lite_la-fuse_signals.Tpo -c -o libfuse_lite_la-fuse_signals.lo `test -f 'fuse_signals.c' || echo './'`fuse_signals.c
libtool: compile:  gcc -DHAVE_CONFIG_H -I. -I.. -I../include/fuse-lite -g -O2 -Wall -MT libfuse_lite_la-fuse_signals.lo -MD -MP -MF .deps/libfuse_lite_la-fuse_signals.Tpo -c fuse_signals.c  -fPIC -DPIC -o .libs/libfuse_lite_la-fuse_signals.o
libtool: compile:  gcc -DHAVE_CONFIG_H -I. -I.. -I../include/fuse-lite -g -O2 -Wall -MT libfuse_lite_la-fuse_signals.lo -MD -MP -MF .deps/libfuse_lite_la-fuse_signals.Tpo -c fuse_signals.c -o libfuse_lite_la-fuse_signals.o >/dev/null 2>&1
mv -f .deps/libfuse_lite_la-fuse_signals.Tpo .deps/libfuse_lite_la-fuse_signals.Plo
/bin/bash ../libtool  --tag=CC   --mode=compile gcc -DHAVE_CONFIG_H -I. -I..   -I../include/fuse-lite    -g -O2 -Wall -MT libfuse_lite_la-fusermount.lo -MD -MP -MF .deps/libfuse_lite_la-fusermount.Tpo -c -o libfuse_lite_la-fusermount.lo `test -f 'fusermount.c' || echo './'`fusermount.c
libtool: compile:  gcc -DHAVE_CONFIG_H -I. -I.. -I../include/fuse-lite -g -O2 -Wall -MT libfuse_lite_la-fusermount.lo -MD -MP -MF .deps/libfuse_lite_la-fusermount.Tpo -c fusermount.c  -fPIC -DPIC -o .libs/libfuse_lite_la-fusermount.o
libtool: compile:  gcc -DHAVE_CONFIG_H -I. -I.. -I../include/fuse-lite -g -O2 -Wall -MT libfuse_lite_la-fusermount.lo -MD -MP -MF .deps/libfuse_lite_la-fusermount.Tpo -c fusermount.c -o libfuse_lite_la-fusermount.o >/dev/null 2>&1
mv -f .deps/libfuse_lite_la-fusermount.Tpo .deps/libfuse_lite_la-fusermount.Plo
/bin/bash ../libtool  --tag=CC   --mode=compile gcc -DHAVE_CONFIG_H -I. -I..   -I../include/fuse-lite    -g -O2 -Wall -MT libfuse_lite_la-helper.lo -MD -MP -MF .deps/libfuse_lite_la-helper.Tpo -c -o libfuse_lite_la-helper.lo `test -f 'helper.c' || echo './'`helper.c
libtool: compile:  gcc -DHAVE_CONFIG_H -I. -I.. -I../include/fuse-lite -g -O2 -Wall -MT libfuse_lite_la-helper.lo -MD -MP -MF .deps/libfuse_lite_la-helper.Tpo -c helper.c  -fPIC -DPIC -o .libs/libfuse_lite_la-helper.o
libtool: compile:  gcc -DHAVE_CONFIG_H -I. -I.. -I../include/fuse-lite -g -O2 -Wall -MT libfuse_lite_la-helper.lo -MD -MP -MF .deps/libfuse_lite_la-helper.Tpo -c helper.c -o libfuse_lite_la-helper.o >/dev/null 2>&1
mv -f .deps/libfuse_lite_la-helper.Tpo .deps/libfuse_lite_la-helper.Plo
/bin/bash ../libtool  --tag=CC   --mode=compile gcc -DHAVE_CONFIG_H -I. -I..   -I../include/fuse-lite    -g -O2 -Wall -MT libfuse_lite_la-mount.lo -MD -MP -MF .deps/libfuse_lite_la-mount.Tpo -c -o libfuse_lite_la-mount.lo `test -f 'mount.c' || echo './'`mount.c
libtool: compile:  gcc -DHAVE_CONFIG_H -I. -I.. -I../include/fuse-lite -g -O2 -Wall -MT libfuse_lite_la-mount.lo -MD -MP -MF .deps/libfuse_lite_la-mount.Tpo -c mount.c  -fPIC -DPIC -o .libs/libfuse_lite_la-mount.o
libtool: compile:  gcc -DHAVE_CONFIG_H -I. -I.. -I../include/fuse-lite -g -O2 -Wall -MT libfuse_lite_la-mount.lo -MD -MP -MF .deps/libfuse_lite_la-mount.Tpo -c mount.c -o libfuse_lite_la-mount.o >/dev/null 2>&1
mv -f .deps/libfuse_lite_la-mount.Tpo .deps/libfuse_lite_la-mount.Plo
/bin/bash ../libtool  --tag=CC   --mode=compile gcc -DHAVE_CONFIG_H -I. -I..   -I../include/fuse-lite    -g -O2 -Wall -MT libfuse_lite_la-mount_util.lo -MD -MP -MF .deps/libfuse_lite_la-mount_util.Tpo -c -o libfuse_lite_la-mount_util.lo `test -f 'mount_util.c' || echo './'`mount_util.c
libtool: compile:  gcc -DHAVE_CONFIG_H -I. -I.. -I../include/fuse-lite -g -O2 -Wall -MT libfuse_lite_la-mount_util.lo -MD -MP -MF .deps/libfuse_lite_la-mount_util.Tpo -c mount_util.c  -fPIC -DPIC -o .libs/libfuse_lite_la-mount_util.o
libtool: compile:  gcc -DHAVE_CONFIG_H -I. -I.. -I../include/fuse-lite -g -O2 -Wall -MT libfuse_lite_la-mount_util.lo -MD -MP -MF .deps/libfuse_lite_la-mount_util.Tpo -c mount_util.c -o libfuse_lite_la-mount_util.o >/dev/null 2>&1
mv -f .deps/libfuse_lite_la-mount_util.Tpo .deps/libfuse_lite_la-mount_util.Plo
/bin/bash ../libtool  --tag=CC   --mode=link gcc   -g -O2 -Wall   -o libfuse-lite.la  libfuse_lite_la-fuse.lo libfuse_lite_la-fuse_kern_chan.lo libfuse_lite_la-fuse_loop.lo libfuse_lite_la-fuse_lowlevel.lo libfuse_lite_la-fuse_opt.lo libfuse_lite_la-fuse_session.lo libfuse_lite_la-fuse_signals.lo libfuse_lite_la-fusermount.lo libfuse_lite_la-helper.lo libfuse_lite_la-mount.lo libfuse_lite_la-mount_util.lo -lpthread 
libtool: link: ar cru .libs/libfuse-lite.a .libs/libfuse_lite_la-fuse.o .libs/libfuse_lite_la-fuse_kern_chan.o .libs/libfuse_lite_la-fuse_loop.o .libs/libfuse_lite_la-fuse_lowlevel.o .libs/libfuse_lite_la-fuse_opt.o .libs/libfuse_lite_la-fuse_session.o .libs/libfuse_lite_la-fuse_signals.o .libs/libfuse_lite_la-fusermount.o .libs/libfuse_lite_la-helper.o .libs/libfuse_lite_la-mount.o .libs/libfuse_lite_la-mount_util.o 
libtool: link: ranlib .libs/libfuse-lite.a
libtool: link: ( cd ".libs" && rm -f "libfuse-lite.la" && ln -s "../libfuse-lite.la" "libfuse-lite.la" )
make[2]: Leaving directory '/root/linux/ntfs-3g_ntfsprogs-2022.5.17/libfuse-lite'
Making all in libntfs-3g
make[2]: Entering directory '/root/linux/ntfs-3g_ntfsprogs-2022.5.17/libntfs-3g'
/bin/bash ../libtool  --tag=CC   --mode=compile gcc -DHAVE_CONFIG_H -I. -I..    -I../include/ntfs-3g   -g -O2 -Wall -MT libntfs_3g_la-acls.lo -MD -MP -MF .deps/libntfs_3g_la-acls.Tpo -c -o libntfs_3g_la-acls.lo `test -f 'acls.c' || echo './'`acls.c
libtool: compile:  gcc -DHAVE_CONFIG_H -I. -I.. -I../include/ntfs-3g -g -O2 -Wall -MT libntfs_3g_la-acls.lo -MD -MP -MF .deps/libntfs_3g_la-acls.Tpo -c acls.c  -fPIC -DPIC -o .libs/libntfs_3g_la-acls.o
libtool: compile:  gcc -DHAVE_CONFIG_H -I. -I.. -I../include/ntfs-3g -g -O2 -Wall -MT libntfs_3g_la-acls.lo -MD -MP -MF .deps/libntfs_3g_la-acls.Tpo -c acls.c -o libntfs_3g_la-acls.o >/dev/null 2>&1
mv -f .deps/libntfs_3g_la-acls.Tpo .deps/libntfs_3g_la-acls.Plo
/bin/bash ../libtool  --tag=CC   --mode=compile gcc -DHAVE_CONFIG_H -I. -I..    -I../include/ntfs-3g   -g -O2 -Wall -MT libntfs_3g_la-attrib.lo -MD -MP -MF .deps/libntfs_3g_la-attrib.Tpo -c -o libntfs_3g_la-attrib.lo `test -f 'attrib.c' || echo './'`attrib.c
libtool: compile:  gcc -DHAVE_CONFIG_H -I. -I.. -I../include/ntfs-3g -g -O2 -Wall -MT libntfs_3g_la-attrib.lo -MD -MP -MF .deps/libntfs_3g_la-attrib.Tpo -c attrib.c  -fPIC -DPIC -o .libs/libntfs_3g_la-attrib.o
libtool: compile:  gcc -DHAVE_CONFIG_H -I. -I.. -I../include/ntfs-3g -g -O2 -Wall -MT libntfs_3g_la-attrib.lo -MD -MP -MF .deps/libntfs_3g_la-attrib.Tpo -c attrib.c -o libntfs_3g_la-attrib.o >/dev/null 2>&1
mv -f .deps/libntfs_3g_la-attrib.Tpo .deps/libntfs_3g_la-attrib.Plo
/bin/bash ../libtool  --tag=CC   --mode=compile gcc -DHAVE_CONFIG_H -I. -I..    -I../include/ntfs-3g   -g -O2 -Wall -MT libntfs_3g_la-attrlist.lo -MD -MP -MF .deps/libntfs_3g_la-attrlist.Tpo -c -o libntfs_3g_la-attrlist.lo `test -f 'attrlist.c' || echo './'`attrlist.c
libtool: compile:  gcc -DHAVE_CONFIG_H -I. -I.. -I../include/ntfs-3g -g -O2 -Wall -MT libntfs_3g_la-attrlist.lo -MD -MP -MF .deps/libntfs_3g_la-attrlist.Tpo -c attrlist.c  -fPIC -DPIC -o .libs/libntfs_3g_la-attrlist.o
libtool: compile:  gcc -DHAVE_CONFIG_H -I. -I.. -I../include/ntfs-3g -g -O2 -Wall -MT libntfs_3g_la-attrlist.lo -MD -MP -MF .deps/libntfs_3g_la-attrlist.Tpo -c attrlist.c -o libntfs_3g_la-attrlist.o >/dev/null 2>&1
mv -f .deps/libntfs_3g_la-attrlist.Tpo .deps/libntfs_3g_la-attrlist.Plo
/bin/bash ../libtool  --tag=CC   --mode=compile gcc -DHAVE_CONFIG_H -I. -I..    -I../include/ntfs-3g   -g -O2 -Wall -MT libntfs_3g_la-bitmap.lo -MD -MP -MF .deps/libntfs_3g_la-bitmap.Tpo -c -o libntfs_3g_la-bitmap.lo `test -f 'bitmap.c' || echo './'`bitmap.c
libtool: compile:  gcc -DHAVE_CONFIG_H -I. -I.. -I../include/ntfs-3g -g -O2 -Wall -MT libntfs_3g_la-bitmap.lo -MD -MP -MF .deps/libntfs_3g_la-bitmap.Tpo -c bitmap.c  -fPIC -DPIC -o .libs/libntfs_3g_la-bitmap.o
libtool: compile:  gcc -DHAVE_CONFIG_H -I. -I.. -I../include/ntfs-3g -g -O2 -Wall -MT libntfs_3g_la-bitmap.lo -MD -MP -MF .deps/libntfs_3g_la-bitmap.Tpo -c bitmap.c -o libntfs_3g_la-bitmap.o >/dev/null 2>&1
mv -f .deps/libntfs_3g_la-bitmap.Tpo .deps/libntfs_3g_la-bitmap.Plo
/bin/bash ../libtool  --tag=CC   --mode=compile gcc -DHAVE_CONFIG_H -I. -I..    -I../include/ntfs-3g   -g -O2 -Wall -MT libntfs_3g_la-bootsect.lo -MD -MP -MF .deps/libntfs_3g_la-bootsect.Tpo -c -o libntfs_3g_la-bootsect.lo `test -f 'bootsect.c' || echo './'`bootsect.c
libtool: compile:  gcc -DHAVE_CONFIG_H -I. -I.. -I../include/ntfs-3g -g -O2 -Wall -MT libntfs_3g_la-bootsect.lo -MD -MP -MF .deps/libntfs_3g_la-bootsect.Tpo -c bootsect.c  -fPIC -DPIC -o .libs/libntfs_3g_la-bootsect.o
libtool: compile:  gcc -DHAVE_CONFIG_H -I. -I.. -I../include/ntfs-3g -g -O2 -Wall -MT libntfs_3g_la-bootsect.lo -MD -MP -MF .deps/libntfs_3g_la-bootsect.Tpo -c bootsect.c -o libntfs_3g_la-bootsect.o >/dev/null 2>&1
mv -f .deps/libntfs_3g_la-bootsect.Tpo .deps/libntfs_3g_la-bootsect.Plo
/bin/bash ../libtool  --tag=CC   --mode=compile gcc -DHAVE_CONFIG_H -I. -I..    -I../include/ntfs-3g   -g -O2 -Wall -MT libntfs_3g_la-cache.lo -MD -MP -MF .deps/libntfs_3g_la-cache.Tpo -c -o libntfs_3g_la-cache.lo `test -f 'cache.c' || echo './'`cache.c
libtool: compile:  gcc -DHAVE_CONFIG_H -I. -I.. -I../include/ntfs-3g -g -O2 -Wall -MT libntfs_3g_la-cache.lo -MD -MP -MF .deps/libntfs_3g_la-cache.Tpo -c cache.c  -fPIC -DPIC -o .libs/libntfs_3g_la-cache.o
libtool: compile:  gcc -DHAVE_CONFIG_H -I. -I.. -I../include/ntfs-3g -g -O2 -Wall -MT libntfs_3g_la-cache.lo -MD -MP -MF .deps/libntfs_3g_la-cache.Tpo -c cache.c -o libntfs_3g_la-cache.o >/dev/null 2>&1
mv -f .deps/libntfs_3g_la-cache.Tpo .deps/libntfs_3g_la-cache.Plo
/bin/bash ../libtool  --tag=CC   --mode=compile gcc -DHAVE_CONFIG_H -I. -I..    -I../include/ntfs-3g   -g -O2 -Wall -MT libntfs_3g_la-collate.lo -MD -MP -MF .deps/libntfs_3g_la-collate.Tpo -c -o libntfs_3g_la-collate.lo `test -f 'collate.c' || echo './'`collate.c
libtool: compile:  gcc -DHAVE_CONFIG_H -I. -I.. -I../include/ntfs-3g -g -O2 -Wall -MT libntfs_3g_la-collate.lo -MD -MP -MF .deps/libntfs_3g_la-collate.Tpo -c collate.c  -fPIC -DPIC -o .libs/libntfs_3g_la-collate.o
libtool: compile:  gcc -DHAVE_CONFIG_H -I. -I.. -I../include/ntfs-3g -g -O2 -Wall -MT libntfs_3g_la-collate.lo -MD -MP -MF .deps/libntfs_3g_la-collate.Tpo -c collate.c -o libntfs_3g_la-collate.o >/dev/null 2>&1
mv -f .deps/libntfs_3g_la-collate.Tpo .deps/libntfs_3g_la-collate.Plo
/bin/bash ../libtool  --tag=CC   --mode=compile gcc -DHAVE_CONFIG_H -I. -I..    -I../include/ntfs-3g   -g -O2 -Wall -MT libntfs_3g_la-compat.lo -MD -MP -MF .deps/libntfs_3g_la-compat.Tpo -c -o libntfs_3g_la-compat.lo `test -f 'compat.c' || echo './'`compat.c
libtool: compile:  gcc -DHAVE_CONFIG_H -I. -I.. -I../include/ntfs-3g -g -O2 -Wall -MT libntfs_3g_la-compat.lo -MD -MP -MF .deps/libntfs_3g_la-compat.Tpo -c compat.c  -fPIC -DPIC -o .libs/libntfs_3g_la-compat.o
libtool: compile:  gcc -DHAVE_CONFIG_H -I. -I.. -I../include/ntfs-3g -g -O2 -Wall -MT libntfs_3g_la-compat.lo -MD -MP -MF .deps/libntfs_3g_la-compat.Tpo -c compat.c -o libntfs_3g_la-compat.o >/dev/null 2>&1
mv -f .deps/libntfs_3g_la-compat.Tpo .deps/libntfs_3g_la-compat.Plo
/bin/bash ../libtool  --tag=CC   --mode=compile gcc -DHAVE_CONFIG_H -I. -I..    -I../include/ntfs-3g   -g -O2 -Wall -MT libntfs_3g_la-compress.lo -MD -MP -MF .deps/libntfs_3g_la-compress.Tpo -c -o libntfs_3g_la-compress.lo `test -f 'compress.c' || echo './'`compress.c
libtool: compile:  gcc -DHAVE_CONFIG_H -I. -I.. -I../include/ntfs-3g -g -O2 -Wall -MT libntfs_3g_la-compress.lo -MD -MP -MF .deps/libntfs_3g_la-compress.Tpo -c compress.c  -fPIC -DPIC -o .libs/libntfs_3g_la-compress.o
libtool: compile:  gcc -DHAVE_CONFIG_H -I. -I.. -I../include/ntfs-3g -g -O2 -Wall -MT libntfs_3g_la-compress.lo -MD -MP -MF .deps/libntfs_3g_la-compress.Tpo -c compress.c -o libntfs_3g_la-compress.o >/dev/null 2>&1
mv -f .deps/libntfs_3g_la-compress.Tpo .deps/libntfs_3g_la-compress.Plo
/bin/bash ../libtool  --tag=CC   --mode=compile gcc -DHAVE_CONFIG_H -I. -I..    -I../include/ntfs-3g   -g -O2 -Wall -MT libntfs_3g_la-debug.lo -MD -MP -MF .deps/libntfs_3g_la-debug.Tpo -c -o libntfs_3g_la-debug.lo `test -f 'debug.c' || echo './'`debug.c
libtool: compile:  gcc -DHAVE_CONFIG_H -I. -I.. -I../include/ntfs-3g -g -O2 -Wall -MT libntfs_3g_la-debug.lo -MD -MP -MF .deps/libntfs_3g_la-debug.Tpo -c debug.c  -fPIC -DPIC -o .libs/libntfs_3g_la-debug.o
libtool: compile:  gcc -DHAVE_CONFIG_H -I. -I.. -I../include/ntfs-3g -g -O2 -Wall -MT libntfs_3g_la-debug.lo -MD -MP -MF .deps/libntfs_3g_la-debug.Tpo -c debug.c -o libntfs_3g_la-debug.o >/dev/null 2>&1
mv -f .deps/libntfs_3g_la-debug.Tpo .deps/libntfs_3g_la-debug.Plo
/bin/bash ../libtool  --tag=CC   --mode=compile gcc -DHAVE_CONFIG_H -I. -I..    -I../include/ntfs-3g   -g -O2 -Wall -MT libntfs_3g_la-device.lo -MD -MP -MF .deps/libntfs_3g_la-device.Tpo -c -o libntfs_3g_la-device.lo `test -f 'device.c' || echo './'`device.c
libtool: compile:  gcc -DHAVE_CONFIG_H -I. -I.. -I../include/ntfs-3g -g -O2 -Wall -MT libntfs_3g_la-device.lo -MD -MP -MF .deps/libntfs_3g_la-device.Tpo -c device.c  -fPIC -DPIC -o .libs/libntfs_3g_la-device.o
libtool: compile:  gcc -DHAVE_CONFIG_H -I. -I.. -I../include/ntfs-3g -g -O2 -Wall -MT libntfs_3g_la-device.lo -MD -MP -MF .deps/libntfs_3g_la-device.Tpo -c device.c -o libntfs_3g_la-device.o >/dev/null 2>&1
mv -f .deps/libntfs_3g_la-device.Tpo .deps/libntfs_3g_la-device.Plo
/bin/bash ../libtool  --tag=CC   --mode=compile gcc -DHAVE_CONFIG_H -I. -I..    -I../include/ntfs-3g   -g -O2 -Wall -MT libntfs_3g_la-dir.lo -MD -MP -MF .deps/libntfs_3g_la-dir.Tpo -c -o libntfs_3g_la-dir.lo `test -f 'dir.c' || echo './'`dir.c
libtool: compile:  gcc -DHAVE_CONFIG_H -I. -I.. -I../include/ntfs-3g -g -O2 -Wall -MT libntfs_3g_la-dir.lo -MD -MP -MF .deps/libntfs_3g_la-dir.Tpo -c dir.c  -fPIC -DPIC -o .libs/libntfs_3g_la-dir.o
libtool: compile:  gcc -DHAVE_CONFIG_H -I. -I.. -I../include/ntfs-3g -g -O2 -Wall -MT libntfs_3g_la-dir.lo -MD -MP -MF .deps/libntfs_3g_la-dir.Tpo -c dir.c -o libntfs_3g_la-dir.o >/dev/null 2>&1
mv -f .deps/libntfs_3g_la-dir.Tpo .deps/libntfs_3g_la-dir.Plo
/bin/bash ../libtool  --tag=CC   --mode=compile gcc -DHAVE_CONFIG_H -I. -I..    -I../include/ntfs-3g   -g -O2 -Wall -MT libntfs_3g_la-ea.lo -MD -MP -MF .deps/libntfs_3g_la-ea.Tpo -c -o libntfs_3g_la-ea.lo `test -f 'ea.c' || echo './'`ea.c
libtool: compile:  gcc -DHAVE_CONFIG_H -I. -I.. -I../include/ntfs-3g -g -O2 -Wall -MT libntfs_3g_la-ea.lo -MD -MP -MF .deps/libntfs_3g_la-ea.Tpo -c ea.c  -fPIC -DPIC -o .libs/libntfs_3g_la-ea.o
libtool: compile:  gcc -DHAVE_CONFIG_H -I. -I.. -I../include/ntfs-3g -g -O2 -Wall -MT libntfs_3g_la-ea.lo -MD -MP -MF .deps/libntfs_3g_la-ea.Tpo -c ea.c -o libntfs_3g_la-ea.o >/dev/null 2>&1
mv -f .deps/libntfs_3g_la-ea.Tpo .deps/libntfs_3g_la-ea.Plo
/bin/bash ../libtool  --tag=CC   --mode=compile gcc -DHAVE_CONFIG_H -I. -I..    -I../include/ntfs-3g   -g -O2 -Wall -MT libntfs_3g_la-efs.lo -MD -MP -MF .deps/libntfs_3g_la-efs.Tpo -c -o libntfs_3g_la-efs.lo `test -f 'efs.c' || echo './'`efs.c
libtool: compile:  gcc -DHAVE_CONFIG_H -I. -I.. -I../include/ntfs-3g -g -O2 -Wall -MT libntfs_3g_la-efs.lo -MD -MP -MF .deps/libntfs_3g_la-efs.Tpo -c efs.c  -fPIC -DPIC -o .libs/libntfs_3g_la-efs.o
libtool: compile:  gcc -DHAVE_CONFIG_H -I. -I.. -I../include/ntfs-3g -g -O2 -Wall -MT libntfs_3g_la-efs.lo -MD -MP -MF .deps/libntfs_3g_la-efs.Tpo -c efs.c -o libntfs_3g_la-efs.o >/dev/null 2>&1
mv -f .deps/libntfs_3g_la-efs.Tpo .deps/libntfs_3g_la-efs.Plo
/bin/bash ../libtool  --tag=CC   --mode=compile gcc -DHAVE_CONFIG_H -I. -I..    -I../include/ntfs-3g   -g -O2 -Wall -MT libntfs_3g_la-index.lo -MD -MP -MF .deps/libntfs_3g_la-index.Tpo -c -o libntfs_3g_la-index.lo `test -f 'index.c' || echo './'`index.c
libtool: compile:  gcc -DHAVE_CONFIG_H -I. -I.. -I../include/ntfs-3g -g -O2 -Wall -MT libntfs_3g_la-index.lo -MD -MP -MF .deps/libntfs_3g_la-index.Tpo -c index.c  -fPIC -DPIC -o .libs/libntfs_3g_la-index.o
libtool: compile:  gcc -DHAVE_CONFIG_H -I. -I.. -I../include/ntfs-3g -g -O2 -Wall -MT libntfs_3g_la-index.lo -MD -MP -MF .deps/libntfs_3g_la-index.Tpo -c index.c -o libntfs_3g_la-index.o >/dev/null 2>&1
mv -f .deps/libntfs_3g_la-index.Tpo .deps/libntfs_3g_la-index.Plo
/bin/bash ../libtool  --tag=CC   --mode=compile gcc -DHAVE_CONFIG_H -I. -I..    -I../include/ntfs-3g   -g -O2 -Wall -MT libntfs_3g_la-inode.lo -MD -MP -MF .deps/libntfs_3g_la-inode.Tpo -c -o libntfs_3g_la-inode.lo `test -f 'inode.c' || echo './'`inode.c
libtool: compile:  gcc -DHAVE_CONFIG_H -I. -I.. -I../include/ntfs-3g -g -O2 -Wall -MT libntfs_3g_la-inode.lo -MD -MP -MF .deps/libntfs_3g_la-inode.Tpo -c inode.c  -fPIC -DPIC -o .libs/libntfs_3g_la-inode.o
libtool: compile:  gcc -DHAVE_CONFIG_H -I. -I.. -I../include/ntfs-3g -g -O2 -Wall -MT libntfs_3g_la-inode.lo -MD -MP -MF .deps/libntfs_3g_la-inode.Tpo -c inode.c -o libntfs_3g_la-inode.o >/dev/null 2>&1
mv -f .deps/libntfs_3g_la-inode.Tpo .deps/libntfs_3g_la-inode.Plo
/bin/bash ../libtool  --tag=CC   --mode=compile gcc -DHAVE_CONFIG_H -I. -I..    -I../include/ntfs-3g   -g -O2 -Wall -MT libntfs_3g_la-ioctl.lo -MD -MP -MF .deps/libntfs_3g_la-ioctl.Tpo -c -o libntfs_3g_la-ioctl.lo `test -f 'ioctl.c' || echo './'`ioctl.c
libtool: compile:  gcc -DHAVE_CONFIG_H -I. -I.. -I../include/ntfs-3g -g -O2 -Wall -MT libntfs_3g_la-ioctl.lo -MD -MP -MF .deps/libntfs_3g_la-ioctl.Tpo -c ioctl.c  -fPIC -DPIC -o .libs/libntfs_3g_la-ioctl.o
libtool: compile:  gcc -DHAVE_CONFIG_H -I. -I.. -I../include/ntfs-3g -g -O2 -Wall -MT libntfs_3g_la-ioctl.lo -MD -MP -MF .deps/libntfs_3g_la-ioctl.Tpo -c ioctl.c -o libntfs_3g_la-ioctl.o >/dev/null 2>&1
mv -f .deps/libntfs_3g_la-ioctl.Tpo .deps/libntfs_3g_la-ioctl.Plo
/bin/bash ../libtool  --tag=CC   --mode=compile gcc -DHAVE_CONFIG_H -I. -I..    -I../include/ntfs-3g   -g -O2 -Wall -MT libntfs_3g_la-lcnalloc.lo -MD -MP -MF .deps/libntfs_3g_la-lcnalloc.Tpo -c -o libntfs_3g_la-lcnalloc.lo `test -f 'lcnalloc.c' || echo './'`lcnalloc.c
libtool: compile:  gcc -DHAVE_CONFIG_H -I. -I.. -I../include/ntfs-3g -g -O2 -Wall -MT libntfs_3g_la-lcnalloc.lo -MD -MP -MF .deps/libntfs_3g_la-lcnalloc.Tpo -c lcnalloc.c  -fPIC -DPIC -o .libs/libntfs_3g_la-lcnalloc.o
libtool: compile:  gcc -DHAVE_CONFIG_H -I. -I.. -I../include/ntfs-3g -g -O2 -Wall -MT libntfs_3g_la-lcnalloc.lo -MD -MP -MF .deps/libntfs_3g_la-lcnalloc.Tpo -c lcnalloc.c -o libntfs_3g_la-lcnalloc.o >/dev/null 2>&1
mv -f .deps/libntfs_3g_la-lcnalloc.Tpo .deps/libntfs_3g_la-lcnalloc.Plo
/bin/bash ../libtool  --tag=CC   --mode=compile gcc -DHAVE_CONFIG_H -I. -I..    -I../include/ntfs-3g   -g -O2 -Wall -MT libntfs_3g_la-logfile.lo -MD -MP -MF .deps/libntfs_3g_la-logfile.Tpo -c -o libntfs_3g_la-logfile.lo `test -f 'logfile.c' || echo './'`logfile.c
libtool: compile:  gcc -DHAVE_CONFIG_H -I. -I.. -I../include/ntfs-3g -g -O2 -Wall -MT libntfs_3g_la-logfile.lo -MD -MP -MF .deps/libntfs_3g_la-logfile.Tpo -c logfile.c  -fPIC -DPIC -o .libs/libntfs_3g_la-logfile.o
libtool: compile:  gcc -DHAVE_CONFIG_H -I. -I.. -I../include/ntfs-3g -g -O2 -Wall -MT libntfs_3g_la-logfile.lo -MD -MP -MF .deps/libntfs_3g_la-logfile.Tpo -c logfile.c -o libntfs_3g_la-logfile.o >/dev/null 2>&1
mv -f .deps/libntfs_3g_la-logfile.Tpo .deps/libntfs_3g_la-logfile.Plo
/bin/bash ../libtool  --tag=CC   --mode=compile gcc -DHAVE_CONFIG_H -I. -I..    -I../include/ntfs-3g   -g -O2 -Wall -MT libntfs_3g_la-logging.lo -MD -MP -MF .deps/libntfs_3g_la-logging.Tpo -c -o libntfs_3g_la-logging.lo `test -f 'logging.c' || echo './'`logging.c
libtool: compile:  gcc -DHAVE_CONFIG_H -I. -I.. -I../include/ntfs-3g -g -O2 -Wall -MT libntfs_3g_la-logging.lo -MD -MP -MF .deps/libntfs_3g_la-logging.Tpo -c logging.c  -fPIC -DPIC -o .libs/libntfs_3g_la-logging.o
libtool: compile:  gcc -DHAVE_CONFIG_H -I. -I.. -I../include/ntfs-3g -g -O2 -Wall -MT libntfs_3g_la-logging.lo -MD -MP -MF .deps/libntfs_3g_la-logging.Tpo -c logging.c -o libntfs_3g_la-logging.o >/dev/null 2>&1
mv -f .deps/libntfs_3g_la-logging.Tpo .deps/libntfs_3g_la-logging.Plo
/bin/bash ../libtool  --tag=CC   --mode=compile gcc -DHAVE_CONFIG_H -I. -I..    -I../include/ntfs-3g   -g -O2 -Wall -MT libntfs_3g_la-mft.lo -MD -MP -MF .deps/libntfs_3g_la-mft.Tpo -c -o libntfs_3g_la-mft.lo `test -f 'mft.c' || echo './'`mft.c
libtool: compile:  gcc -DHAVE_CONFIG_H -I. -I.. -I../include/ntfs-3g -g -O2 -Wall -MT libntfs_3g_la-mft.lo -MD -MP -MF .deps/libntfs_3g_la-mft.Tpo -c mft.c  -fPIC -DPIC -o .libs/libntfs_3g_la-mft.o
libtool: compile:  gcc -DHAVE_CONFIG_H -I. -I.. -I../include/ntfs-3g -g -O2 -Wall -MT libntfs_3g_la-mft.lo -MD -MP -MF .deps/libntfs_3g_la-mft.Tpo -c mft.c -o libntfs_3g_la-mft.o >/dev/null 2>&1
mv -f .deps/libntfs_3g_la-mft.Tpo .deps/libntfs_3g_la-mft.Plo
/bin/bash ../libtool  --tag=CC   --mode=compile gcc -DHAVE_CONFIG_H -I. -I..    -I../include/ntfs-3g   -g -O2 -Wall -MT libntfs_3g_la-misc.lo -MD -MP -MF .deps/libntfs_3g_la-misc.Tpo -c -o libntfs_3g_la-misc.lo `test -f 'misc.c' || echo './'`misc.c
libtool: compile:  gcc -DHAVE_CONFIG_H -I. -I.. -I../include/ntfs-3g -g -O2 -Wall -MT libntfs_3g_la-misc.lo -MD -MP -MF .deps/libntfs_3g_la-misc.Tpo -c misc.c  -fPIC -DPIC -o .libs/libntfs_3g_la-misc.o
libtool: compile:  gcc -DHAVE_CONFIG_H -I. -I.. -I../include/ntfs-3g -g -O2 -Wall -MT libntfs_3g_la-misc.lo -MD -MP -MF .deps/libntfs_3g_la-misc.Tpo -c misc.c -o libntfs_3g_la-misc.o >/dev/null 2>&1
mv -f .deps/libntfs_3g_la-misc.Tpo .deps/libntfs_3g_la-misc.Plo
/bin/bash ../libtool  --tag=CC   --mode=compile gcc -DHAVE_CONFIG_H -I. -I..    -I../include/ntfs-3g   -g -O2 -Wall -MT libntfs_3g_la-mst.lo -MD -MP -MF .deps/libntfs_3g_la-mst.Tpo -c -o libntfs_3g_la-mst.lo `test -f 'mst.c' || echo './'`mst.c
libtool: compile:  gcc -DHAVE_CONFIG_H -I. -I.. -I../include/ntfs-3g -g -O2 -Wall -MT libntfs_3g_la-mst.lo -MD -MP -MF .deps/libntfs_3g_la-mst.Tpo -c mst.c  -fPIC -DPIC -o .libs/libntfs_3g_la-mst.o
libtool: compile:  gcc -DHAVE_CONFIG_H -I. -I.. -I../include/ntfs-3g -g -O2 -Wall -MT libntfs_3g_la-mst.lo -MD -MP -MF .deps/libntfs_3g_la-mst.Tpo -c mst.c -o libntfs_3g_la-mst.o >/dev/null 2>&1
mv -f .deps/libntfs_3g_la-mst.Tpo .deps/libntfs_3g_la-mst.Plo
/bin/bash ../libtool  --tag=CC   --mode=compile gcc -DHAVE_CONFIG_H -I. -I..    -I../include/ntfs-3g   -g -O2 -Wall -MT libntfs_3g_la-object_id.lo -MD -MP -MF .deps/libntfs_3g_la-object_id.Tpo -c -o libntfs_3g_la-object_id.lo `test -f 'object_id.c' || echo './'`object_id.c
libtool: compile:  gcc -DHAVE_CONFIG_H -I. -I.. -I../include/ntfs-3g -g -O2 -Wall -MT libntfs_3g_la-object_id.lo -MD -MP -MF .deps/libntfs_3g_la-object_id.Tpo -c object_id.c  -fPIC -DPIC -o .libs/libntfs_3g_la-object_id.o
libtool: compile:  gcc -DHAVE_CONFIG_H -I. -I.. -I../include/ntfs-3g -g -O2 -Wall -MT libntfs_3g_la-object_id.lo -MD -MP -MF .deps/libntfs_3g_la-object_id.Tpo -c object_id.c -o libntfs_3g_la-object_id.o >/dev/null 2>&1
mv -f .deps/libntfs_3g_la-object_id.Tpo .deps/libntfs_3g_la-object_id.Plo
/bin/bash ../libtool  --tag=CC   --mode=compile gcc -DHAVE_CONFIG_H -I. -I..    -I../include/ntfs-3g   -g -O2 -Wall -MT libntfs_3g_la-realpath.lo -MD -MP -MF .deps/libntfs_3g_la-realpath.Tpo -c -o libntfs_3g_la-realpath.lo `test -f 'realpath.c' || echo './'`realpath.c
libtool: compile:  gcc -DHAVE_CONFIG_H -I. -I.. -I../include/ntfs-3g -g -O2 -Wall -MT libntfs_3g_la-realpath.lo -MD -MP -MF .deps/libntfs_3g_la-realpath.Tpo -c realpath.c  -fPIC -DPIC -o .libs/libntfs_3g_la-realpath.o
libtool: compile:  gcc -DHAVE_CONFIG_H -I. -I.. -I../include/ntfs-3g -g -O2 -Wall -MT libntfs_3g_la-realpath.lo -MD -MP -MF .deps/libntfs_3g_la-realpath.Tpo -c realpath.c -o libntfs_3g_la-realpath.o >/dev/null 2>&1
mv -f .deps/libntfs_3g_la-realpath.Tpo .deps/libntfs_3g_la-realpath.Plo
/bin/bash ../libtool  --tag=CC   --mode=compile gcc -DHAVE_CONFIG_H -I. -I..    -I../include/ntfs-3g   -g -O2 -Wall -MT libntfs_3g_la-reparse.lo -MD -MP -MF .deps/libntfs_3g_la-reparse.Tpo -c -o libntfs_3g_la-reparse.lo `test -f 'reparse.c' || echo './'`reparse.c
libtool: compile:  gcc -DHAVE_CONFIG_H -I. -I.. -I../include/ntfs-3g -g -O2 -Wall -MT libntfs_3g_la-reparse.lo -MD -MP -MF .deps/libntfs_3g_la-reparse.Tpo -c reparse.c  -fPIC -DPIC -o .libs/libntfs_3g_la-reparse.o
libtool: compile:  gcc -DHAVE_CONFIG_H -I. -I.. -I../include/ntfs-3g -g -O2 -Wall -MT libntfs_3g_la-reparse.lo -MD -MP -MF .deps/libntfs_3g_la-reparse.Tpo -c reparse.c -o libntfs_3g_la-reparse.o >/dev/null 2>&1
mv -f .deps/libntfs_3g_la-reparse.Tpo .deps/libntfs_3g_la-reparse.Plo
/bin/bash ../libtool  --tag=CC   --mode=compile gcc -DHAVE_CONFIG_H -I. -I..    -I../include/ntfs-3g   -g -O2 -Wall -MT libntfs_3g_la-runlist.lo -MD -MP -MF .deps/libntfs_3g_la-runlist.Tpo -c -o libntfs_3g_la-runlist.lo `test -f 'runlist.c' || echo './'`runlist.c
libtool: compile:  gcc -DHAVE_CONFIG_H -I. -I.. -I../include/ntfs-3g -g -O2 -Wall -MT libntfs_3g_la-runlist.lo -MD -MP -MF .deps/libntfs_3g_la-runlist.Tpo -c runlist.c  -fPIC -DPIC -o .libs/libntfs_3g_la-runlist.o
libtool: compile:  gcc -DHAVE_CONFIG_H -I. -I.. -I../include/ntfs-3g -g -O2 -Wall -MT libntfs_3g_la-runlist.lo -MD -MP -MF .deps/libntfs_3g_la-runlist.Tpo -c runlist.c -o libntfs_3g_la-runlist.o >/dev/null 2>&1
mv -f .deps/libntfs_3g_la-runlist.Tpo .deps/libntfs_3g_la-runlist.Plo
/bin/bash ../libtool  --tag=CC   --mode=compile gcc -DHAVE_CONFIG_H -I. -I..    -I../include/ntfs-3g   -g -O2 -Wall -MT libntfs_3g_la-security.lo -MD -MP -MF .deps/libntfs_3g_la-security.Tpo -c -o libntfs_3g_la-security.lo `test -f 'security.c' || echo './'`security.c
libtool: compile:  gcc -DHAVE_CONFIG_H -I. -I.. -I../include/ntfs-3g -g -O2 -Wall -MT libntfs_3g_la-security.lo -MD -MP -MF .deps/libntfs_3g_la-security.Tpo -c security.c  -fPIC -DPIC -o .libs/libntfs_3g_la-security.o
libtool: compile:  gcc -DHAVE_CONFIG_H -I. -I.. -I../include/ntfs-3g -g -O2 -Wall -MT libntfs_3g_la-security.lo -MD -MP -MF .deps/libntfs_3g_la-security.Tpo -c security.c -o libntfs_3g_la-security.o >/dev/null 2>&1
mv -f .deps/libntfs_3g_la-security.Tpo .deps/libntfs_3g_la-security.Plo
/bin/bash ../libtool  --tag=CC   --mode=compile gcc -DHAVE_CONFIG_H -I. -I..    -I../include/ntfs-3g   -g -O2 -Wall -MT libntfs_3g_la-unistr.lo -MD -MP -MF .deps/libntfs_3g_la-unistr.Tpo -c -o libntfs_3g_la-unistr.lo `test -f 'unistr.c' || echo './'`unistr.c
libtool: compile:  gcc -DHAVE_CONFIG_H -I. -I.. -I../include/ntfs-3g -g -O2 -Wall -MT libntfs_3g_la-unistr.lo -MD -MP -MF .deps/libntfs_3g_la-unistr.Tpo -c unistr.c  -fPIC -DPIC -o .libs/libntfs_3g_la-unistr.o
libtool: compile:  gcc -DHAVE_CONFIG_H -I. -I.. -I../include/ntfs-3g -g -O2 -Wall -MT libntfs_3g_la-unistr.lo -MD -MP -MF .deps/libntfs_3g_la-unistr.Tpo -c unistr.c -o libntfs_3g_la-unistr.o >/dev/null 2>&1
mv -f .deps/libntfs_3g_la-unistr.Tpo .deps/libntfs_3g_la-unistr.Plo
/bin/bash ../libtool  --tag=CC   --mode=compile gcc -DHAVE_CONFIG_H -I. -I..    -I../include/ntfs-3g   -g -O2 -Wall -MT libntfs_3g_la-volume.lo -MD -MP -MF .deps/libntfs_3g_la-volume.Tpo -c -o libntfs_3g_la-volume.lo `test -f 'volume.c' || echo './'`volume.c
libtool: compile:  gcc -DHAVE_CONFIG_H -I. -I.. -I../include/ntfs-3g -g -O2 -Wall -MT libntfs_3g_la-volume.lo -MD -MP -MF .deps/libntfs_3g_la-volume.Tpo -c volume.c  -fPIC -DPIC -o .libs/libntfs_3g_la-volume.o
libtool: compile:  gcc -DHAVE_CONFIG_H -I. -I.. -I../include/ntfs-3g -g -O2 -Wall -MT libntfs_3g_la-volume.lo -MD -MP -MF .deps/libntfs_3g_la-volume.Tpo -c volume.c -o libntfs_3g_la-volume.o >/dev/null 2>&1
mv -f .deps/libntfs_3g_la-volume.Tpo .deps/libntfs_3g_la-volume.Plo
/bin/bash ../libtool  --tag=CC   --mode=compile gcc -DHAVE_CONFIG_H -I. -I..    -I../include/ntfs-3g   -g -O2 -Wall -MT libntfs_3g_la-xattrs.lo -MD -MP -MF .deps/libntfs_3g_la-xattrs.Tpo -c -o libntfs_3g_la-xattrs.lo `test -f 'xattrs.c' || echo './'`xattrs.c
libtool: compile:  gcc -DHAVE_CONFIG_H -I. -I.. -I../include/ntfs-3g -g -O2 -Wall -MT libntfs_3g_la-xattrs.lo -MD -MP -MF .deps/libntfs_3g_la-xattrs.Tpo -c xattrs.c  -fPIC -DPIC -o .libs/libntfs_3g_la-xattrs.o
libtool: compile:  gcc -DHAVE_CONFIG_H -I. -I.. -I../include/ntfs-3g -g -O2 -Wall -MT libntfs_3g_la-xattrs.lo -MD -MP -MF .deps/libntfs_3g_la-xattrs.Tpo -c xattrs.c -o libntfs_3g_la-xattrs.o >/dev/null 2>&1
mv -f .deps/libntfs_3g_la-xattrs.Tpo .deps/libntfs_3g_la-xattrs.Plo
/bin/bash ../libtool  --tag=CC   --mode=compile gcc -DHAVE_CONFIG_H -I. -I..    -I../include/ntfs-3g   -g -O2 -Wall -MT libntfs_3g_la-unix_io.lo -MD -MP -MF .deps/libntfs_3g_la-unix_io.Tpo -c -o libntfs_3g_la-unix_io.lo `test -f 'unix_io.c' || echo './'`unix_io.c
libtool: compile:  gcc -DHAVE_CONFIG_H -I. -I.. -I../include/ntfs-3g -g -O2 -Wall -MT libntfs_3g_la-unix_io.lo -MD -MP -MF .deps/libntfs_3g_la-unix_io.Tpo -c unix_io.c  -fPIC -DPIC -o .libs/libntfs_3g_la-unix_io.o
libtool: compile:  gcc -DHAVE_CONFIG_H -I. -I.. -I../include/ntfs-3g -g -O2 -Wall -MT libntfs_3g_la-unix_io.lo -MD -MP -MF .deps/libntfs_3g_la-unix_io.Tpo -c unix_io.c -o libntfs_3g_la-unix_io.o >/dev/null 2>&1
mv -f .deps/libntfs_3g_la-unix_io.Tpo .deps/libntfs_3g_la-unix_io.Plo
/bin/bash ../libtool  --tag=CC   --mode=link gcc  -g -O2 -Wall -version-info 89 -no-undefined  -o libntfs-3g.la  libntfs_3g_la-acls.lo libntfs_3g_la-attrib.lo libntfs_3g_la-attrlist.lo libntfs_3g_la-bitmap.lo libntfs_3g_la-bootsect.lo libntfs_3g_la-cache.lo libntfs_3g_la-collate.lo libntfs_3g_la-compat.lo libntfs_3g_la-compress.lo libntfs_3g_la-debug.lo libntfs_3g_la-device.lo libntfs_3g_la-dir.lo libntfs_3g_la-ea.lo libntfs_3g_la-efs.lo libntfs_3g_la-index.lo libntfs_3g_la-inode.lo libntfs_3g_la-ioctl.lo libntfs_3g_la-lcnalloc.lo libntfs_3g_la-logfile.lo libntfs_3g_la-logging.lo libntfs_3g_la-mft.lo libntfs_3g_la-misc.lo libntfs_3g_la-mst.lo libntfs_3g_la-object_id.lo libntfs_3g_la-realpath.lo libntfs_3g_la-reparse.lo libntfs_3g_la-runlist.lo libntfs_3g_la-security.lo libntfs_3g_la-unistr.lo libntfs_3g_la-volume.lo libntfs_3g_la-xattrs.lo  libntfs_3g_la-unix_io.lo  
libtool: link: ar cru .libs/libntfs-3g.a .libs/libntfs_3g_la-acls.o .libs/libntfs_3g_la-attrib.o .libs/libntfs_3g_la-attrlist.o .libs/libntfs_3g_la-bitmap.o .libs/libntfs_3g_la-bootsect.o .libs/libntfs_3g_la-cache.o .libs/libntfs_3g_la-collate.o .libs/libntfs_3g_la-compat.o .libs/libntfs_3g_la-compress.o .libs/libntfs_3g_la-debug.o .libs/libntfs_3g_la-device.o .libs/libntfs_3g_la-dir.o .libs/libntfs_3g_la-ea.o .libs/libntfs_3g_la-efs.o .libs/libntfs_3g_la-index.o .libs/libntfs_3g_la-inode.o .libs/libntfs_3g_la-ioctl.o .libs/libntfs_3g_la-lcnalloc.o .libs/libntfs_3g_la-logfile.o .libs/libntfs_3g_la-logging.o .libs/libntfs_3g_la-mft.o .libs/libntfs_3g_la-misc.o .libs/libntfs_3g_la-mst.o .libs/libntfs_3g_la-object_id.o .libs/libntfs_3g_la-realpath.o .libs/libntfs_3g_la-reparse.o .libs/libntfs_3g_la-runlist.o .libs/libntfs_3g_la-security.o .libs/libntfs_3g_la-unistr.o .libs/libntfs_3g_la-volume.o .libs/libntfs_3g_la-xattrs.o .libs/libntfs_3g_la-unix_io.o 
libtool: link: ranlib .libs/libntfs-3g.a
libtool: link: ( cd ".libs" && rm -f "libntfs-3g.la" && ln -s "../libntfs-3g.la" "libntfs-3g.la" )
make[2]: Leaving directory '/root/linux/ntfs-3g_ntfsprogs-2022.5.17/libntfs-3g'
Making all in ntfsprogs
make[2]: Entering directory '/root/linux/ntfs-3g_ntfsprogs-2022.5.17/ntfsprogs'
gcc -DHAVE_CONFIG_H -I. -I..  -I../include/ntfs-3g    -g -O2 -Wall -MT ntfsfix.o -MD -MP -MF .deps/ntfsfix.Tpo -c -o ntfsfix.o ntfsfix.c
mv -f .deps/ntfsfix.Tpo .deps/ntfsfix.Po
gcc -DHAVE_CONFIG_H -I. -I..  -I../include/ntfs-3g    -g -O2 -Wall -MT utils.o -MD -MP -MF .deps/utils.Tpo -c -o utils.o utils.c
mv -f .deps/utils.Tpo .deps/utils.Po
/bin/bash ../libtool  --tag=CC   --mode=link gcc  -g -O2 -Wall -static  -o ntfsfix ntfsfix.o utils.o ../libntfs-3g/.libs/libntfs-3g.a  
libtool: link: gcc -g -O2 -Wall -o ntfsfix ntfsfix.o utils.o  ../libntfs-3g/.libs/libntfs-3g.a
gcc -DHAVE_CONFIG_H -I. -I..  -I../include/ntfs-3g    -g -O2 -Wall -MT ntfsinfo.o -MD -MP -MF .deps/ntfsinfo.Tpo -c -o ntfsinfo.o ntfsinfo.c
mv -f .deps/ntfsinfo.Tpo .deps/ntfsinfo.Po
/bin/bash ../libtool  --tag=CC   --mode=link gcc  -g -O2 -Wall -static  -o ntfsinfo ntfsinfo.o utils.o ../libntfs-3g/.libs/libntfs-3g.a  
libtool: link: gcc -g -O2 -Wall -o ntfsinfo ntfsinfo.o utils.o  ../libntfs-3g/.libs/libntfs-3g.a
gcc -DHAVE_CONFIG_H -I. -I..  -I../include/ntfs-3g    -g -O2 -Wall -MT ntfscluster.o -MD -MP -MF .deps/ntfscluster.Tpo -c -o ntfscluster.o ntfscluster.c
mv -f .deps/ntfscluster.Tpo .deps/ntfscluster.Po
gcc -DHAVE_CONFIG_H -I. -I..  -I../include/ntfs-3g    -g -O2 -Wall -MT cluster.o -MD -MP -MF .deps/cluster.Tpo -c -o cluster.o cluster.c
mv -f .deps/cluster.Tpo .deps/cluster.Po
/bin/bash ../libtool  --tag=CC   --mode=link gcc  -g -O2 -Wall -static  -o ntfscluster ntfscluster.o cluster.o utils.o ../libntfs-3g/.libs/libntfs-3g.a  
libtool: link: gcc -g -O2 -Wall -o ntfscluster ntfscluster.o cluster.o utils.o  ../libntfs-3g/.libs/libntfs-3g.a
gcc -DHAVE_CONFIG_H -I. -I..  -I../include/ntfs-3g    -g -O2 -Wall -MT ntfsls.o -MD -MP -MF .deps/ntfsls.Tpo -c -o ntfsls.o ntfsls.c
mv -f .deps/ntfsls.Tpo .deps/ntfsls.Po
/bin/bash ../libtool  --tag=CC   --mode=link gcc  -g -O2 -Wall -static  -o ntfsls ntfsls.o utils.o ../libntfs-3g/.libs/libntfs-3g.a  
libtool: link: gcc -g -O2 -Wall -o ntfsls ntfsls.o utils.o  ../libntfs-3g/.libs/libntfs-3g.a
gcc -DHAVE_CONFIG_H -I. -I..  -I../include/ntfs-3g    -g -O2 -Wall -MT ntfscat.o -MD -MP -MF .deps/ntfscat.Tpo -c -o ntfscat.o ntfscat.c
mv -f .deps/ntfscat.Tpo .deps/ntfscat.Po
/bin/bash ../libtool  --tag=CC   --mode=link gcc  -g -O2 -Wall -static  -o ntfscat ntfscat.o utils.o ../libntfs-3g/.libs/libntfs-3g.a  
libtool: link: gcc -g -O2 -Wall -o ntfscat ntfscat.o utils.o  ../libntfs-3g/.libs/libntfs-3g.a
gcc -DHAVE_CONFIG_H -I. -I..  -I../include/ntfs-3g    -g -O2 -Wall -MT ntfscmp.o -MD -MP -MF .deps/ntfscmp.Tpo -c -o ntfscmp.o ntfscmp.c
mv -f .deps/ntfscmp.Tpo .deps/ntfscmp.Po
/bin/bash ../libtool  --tag=CC   --mode=link gcc  -g -O2 -Wall -static  -o ntfscmp ntfscmp.o utils.o ../libntfs-3g/.libs/libntfs-3g.a  
libtool: link: gcc -g -O2 -Wall -o ntfscmp ntfscmp.o utils.o  ../libntfs-3g/.libs/libntfs-3g.a
gcc -DHAVE_CONFIG_H -I. -I..  -I../include/ntfs-3g    -g -O2 -Wall -MT ntfswipe.o -MD -MP -MF .deps/ntfswipe.Tpo -c -o ntfswipe.o ntfswipe.c
mv -f .deps/ntfswipe.Tpo .deps/ntfswipe.Po
/bin/bash ../libtool  --tag=CC   --mode=link gcc  -g -O2 -Wall -static  -o ntfswipe ntfswipe.o utils.o ../libntfs-3g/.libs/libntfs-3g.a  
libtool: link: gcc -g -O2 -Wall -o ntfswipe ntfswipe.o utils.o  ../libntfs-3g/.libs/libntfs-3g.a
gcc -DHAVE_CONFIG_H -I. -I..  -I../include/ntfs-3g    -g -O2 -Wall -MT attrdef.o -MD -MP -MF .deps/attrdef.Tpo -c -o attrdef.o attrdef.c
mv -f .deps/attrdef.Tpo .deps/attrdef.Po
gcc -DHAVE_CONFIG_H -I. -I..  -I../include/ntfs-3g    -g -O2 -Wall -MT ntfstruncate.o -MD -MP -MF .deps/ntfstruncate.Tpo -c -o ntfstruncate.o ntfstruncate.c
mv -f .deps/ntfstruncate.Tpo .deps/ntfstruncate.Po
/bin/bash ../libtool  --tag=CC   --mode=link gcc  -g -O2 -Wall -static  -o ntfstruncate attrdef.o ntfstruncate.o utils.o ../libntfs-3g/.libs/libntfs-3g.a  
libtool: link: gcc -g -O2 -Wall -o ntfstruncate attrdef.o ntfstruncate.o utils.o  ../libntfs-3g/.libs/libntfs-3g.a
gcc -DHAVE_CONFIG_H -I. -I..  -I../include/ntfs-3g    -g -O2 -Wall -MT playlog.o -MD -MP -MF .deps/playlog.Tpo -c -o playlog.o playlog.c
mv -f .deps/playlog.Tpo .deps/playlog.Po
gcc -DHAVE_CONFIG_H -I. -I..  -I../include/ntfs-3g    -g -O2 -Wall -MT ntfsrecover.o -MD -MP -MF .deps/ntfsrecover.Tpo -c -o ntfsrecover.o ntfsrecover.c
mv -f .deps/ntfsrecover.Tpo .deps/ntfsrecover.Po
/bin/bash ../libtool  --tag=CC   --mode=link gcc  -g -O2 -Wall -static  -o ntfsrecover playlog.o ntfsrecover.o utils.o ../libntfs-3g/.libs/libntfs-3g.a   
libtool: link: gcc -g -O2 -Wall -o ntfsrecover playlog.o ntfsrecover.o utils.o  ../libntfs-3g/.libs/libntfs-3g.a
gcc -DHAVE_CONFIG_H -I. -I..  -I../include/ntfs-3g    -g -O2 -Wall -MT ntfsusermap.o -MD -MP -MF .deps/ntfsusermap.Tpo -c -o ntfsusermap.o ntfsusermap.c
mv -f .deps/ntfsusermap.Tpo .deps/ntfsusermap.Po
/bin/bash ../libtool  --tag=CC   --mode=link gcc  -g -O2 -Wall -static  -o ntfsusermap ntfsusermap.o utils.o ../libntfs-3g/.libs/libntfs-3g.a   
libtool: link: gcc -g -O2 -Wall -o ntfsusermap ntfsusermap.o utils.o  ../libntfs-3g/.libs/libntfs-3g.a
gcc -DHAVE_CONFIG_H -I. -I..  -I../include/ntfs-3g    -g -O2 -Wall -MT ntfssecaudit.o -MD -MP -MF .deps/ntfssecaudit.Tpo -c -o ntfssecaudit.o ntfssecaudit.c
mv -f .deps/ntfssecaudit.Tpo .deps/ntfssecaudit.Po
/bin/bash ../libtool  --tag=CC   --mode=link gcc  -g -O2 -Wall -static  -o ntfssecaudit ntfssecaudit.o utils.o ../libntfs-3g/.libs/libntfs-3g.a   
libtool: link: gcc -g -O2 -Wall -o ntfssecaudit ntfssecaudit.o utils.o  ../libntfs-3g/.libs/libntfs-3g.a
gcc -DHAVE_CONFIG_H -I. -I..  -I../include/ntfs-3g   -I/usr/include/p11-kit-1  -g -O2 -Wall -MT ntfsdecrypt-ntfsdecrypt.o -MD -MP -MF .deps/ntfsdecrypt-ntfsdecrypt.Tpo -c -o ntfsdecrypt-ntfsdecrypt.o `test -f 'ntfsdecrypt.c' || echo './'`ntfsdecrypt.c
mv -f .deps/ntfsdecrypt-ntfsdecrypt.Tpo .deps/ntfsdecrypt-ntfsdecrypt.Po
gcc -DHAVE_CONFIG_H -I. -I..  -I../include/ntfs-3g   -I/usr/include/p11-kit-1  -g -O2 -Wall -MT ntfsdecrypt-utils.o -MD -MP -MF .deps/ntfsdecrypt-utils.Tpo -c -o ntfsdecrypt-utils.o `test -f 'utils.c' || echo './'`utils.c
mv -f .deps/ntfsdecrypt-utils.Tpo .deps/ntfsdecrypt-utils.Po
/bin/bash ../libtool  --tag=CC   --mode=link gcc -I/usr/include/p11-kit-1  -g -O2 -Wall -static  -o ntfsdecrypt ntfsdecrypt-ntfsdecrypt.o ntfsdecrypt-utils.o ../libntfs-3g/.libs/libntfs-3g.a  -lgnutls -L/usr/lib/x86_64-linux-gnu -lgcrypt 
libtool: link: gcc -I/usr/include/p11-kit-1 -g -O2 -Wall -o ntfsdecrypt ntfsdecrypt-ntfsdecrypt.o ntfsdecrypt-utils.o  ../libntfs-3g/.libs/libntfs-3g.a -lgnutls -L/usr/lib/x86_64-linux-gnu -lgcrypt
gcc -DHAVE_CONFIG_H -I. -I..  -I../include/ntfs-3g     -g -O2 -Wall -MT mkntfs-attrdef.o -MD -MP -MF .deps/mkntfs-attrdef.Tpo -c -o mkntfs-attrdef.o `test -f 'attrdef.c' || echo './'`attrdef.c
mv -f .deps/mkntfs-attrdef.Tpo .deps/mkntfs-attrdef.Po
gcc -DHAVE_CONFIG_H -I. -I..  -I../include/ntfs-3g     -g -O2 -Wall -MT mkntfs-boot.o -MD -MP -MF .deps/mkntfs-boot.Tpo -c -o mkntfs-boot.o `test -f 'boot.c' || echo './'`boot.c
mv -f .deps/mkntfs-boot.Tpo .deps/mkntfs-boot.Po
gcc -DHAVE_CONFIG_H -I. -I..  -I../include/ntfs-3g     -g -O2 -Wall -MT mkntfs-sd.o -MD -MP -MF .deps/mkntfs-sd.Tpo -c -o mkntfs-sd.o `test -f 'sd.c' || echo './'`sd.c
mv -f .deps/mkntfs-sd.Tpo .deps/mkntfs-sd.Po
gcc -DHAVE_CONFIG_H -I. -I..  -I../include/ntfs-3g     -g -O2 -Wall -MT mkntfs-mkntfs.o -MD -MP -MF .deps/mkntfs-mkntfs.Tpo -c -o mkntfs-mkntfs.o `test -f 'mkntfs.c' || echo './'`mkntfs.c
mv -f .deps/mkntfs-mkntfs.Tpo .deps/mkntfs-mkntfs.Po
gcc -DHAVE_CONFIG_H -I. -I..  -I../include/ntfs-3g     -g -O2 -Wall -MT mkntfs-utils.o -MD -MP -MF .deps/mkntfs-utils.Tpo -c -o mkntfs-utils.o `test -f 'utils.c' || echo './'`utils.c
mv -f .deps/mkntfs-utils.Tpo .deps/mkntfs-utils.Po
/bin/bash ../libtool  --tag=CC   --mode=link gcc  -g -O2 -Wall -static  -o mkntfs mkntfs-attrdef.o mkntfs-boot.o mkntfs-sd.o mkntfs-mkntfs.o mkntfs-utils.o ../libntfs-3g/.libs/libntfs-3g.a  -luuid 
libtool: link: gcc -g -O2 -Wall -o mkntfs mkntfs-attrdef.o mkntfs-boot.o mkntfs-sd.o mkntfs-mkntfs.o mkntfs-utils.o  ../libntfs-3g/.libs/libntfs-3g.a -luuid
gcc -DHAVE_CONFIG_H -I. -I..  -I../include/ntfs-3g    -g -O2 -Wall -MT ntfslabel.o -MD -MP -MF .deps/ntfslabel.Tpo -c -o ntfslabel.o ntfslabel.c
mv -f .deps/ntfslabel.Tpo .deps/ntfslabel.Po
/bin/bash ../libtool  --tag=CC   --mode=link gcc  -g -O2 -Wall -static  -o ntfslabel ntfslabel.o utils.o ../libntfs-3g/.libs/libntfs-3g.a  
libtool: link: gcc -g -O2 -Wall -o ntfslabel ntfslabel.o utils.o  ../libntfs-3g/.libs/libntfs-3g.a
gcc -DHAVE_CONFIG_H -I. -I..  -I../include/ntfs-3g    -g -O2 -Wall -MT ntfsundelete.o -MD -MP -MF .deps/ntfsundelete.Tpo -c -o ntfsundelete.o ntfsundelete.c
mv -f .deps/ntfsundelete.Tpo .deps/ntfsundelete.Po
/bin/bash ../libtool  --tag=CC   --mode=link gcc  -g -O2 -Wall -static  -o ntfsundelete ntfsundelete.o utils.o ../libntfs-3g/.libs/libntfs-3g.a  
libtool: link: gcc -g -O2 -Wall -o ntfsundelete ntfsundelete.o utils.o  ../libntfs-3g/.libs/libntfs-3g.a
gcc -DHAVE_CONFIG_H -I. -I..  -I../include/ntfs-3g    -g -O2 -Wall -MT ntfsresize.o -MD -MP -MF .deps/ntfsresize.Tpo -c -o ntfsresize.o ntfsresize.c
mv -f .deps/ntfsresize.Tpo .deps/ntfsresize.Po
/bin/bash ../libtool  --tag=CC   --mode=link gcc  -g -O2 -Wall -static  -o ntfsresize ntfsresize.o utils.o ../libntfs-3g/.libs/libntfs-3g.a  
libtool: link: gcc -g -O2 -Wall -o ntfsresize ntfsresize.o utils.o  ../libntfs-3g/.libs/libntfs-3g.a
gcc -DHAVE_CONFIG_H -I. -I..  -I../include/ntfs-3g    -g -O2 -Wall -MT ntfsclone.o -MD -MP -MF .deps/ntfsclone.Tpo -c -o ntfsclone.o ntfsclone.c
mv -f .deps/ntfsclone.Tpo .deps/ntfsclone.Po
/bin/bash ../libtool  --tag=CC   --mode=link gcc  -g -O2 -Wall -static  -o ntfsclone ntfsclone.o utils.o ../libntfs-3g/.libs/libntfs-3g.a  
libtool: link: gcc -g -O2 -Wall -o ntfsclone ntfsclone.o utils.o  ../libntfs-3g/.libs/libntfs-3g.a
gcc -DHAVE_CONFIG_H -I. -I..  -I../include/ntfs-3g    -g -O2 -Wall -MT ntfscp.o -MD -MP -MF .deps/ntfscp.Tpo -c -o ntfscp.o ntfscp.c
mv -f .deps/ntfscp.Tpo .deps/ntfscp.Po
/bin/bash ../libtool  --tag=CC   --mode=link gcc  -g -O2 -Wall -static  -o ntfscp ntfscp.o utils.o ../libntfs-3g/.libs/libntfs-3g.a  
libtool: link: gcc -g -O2 -Wall -o ntfscp ntfscp.o utils.o  ../libntfs-3g/.libs/libntfs-3g.a
make[2]: Leaving directory '/root/linux/ntfs-3g_ntfsprogs-2022.5.17/ntfsprogs'
Making all in src
make[2]: Entering directory '/root/linux/ntfs-3g_ntfsprogs-2022.5.17/src'
gcc -DHAVE_CONFIG_H -I. -I..     -I../include/ntfs-3g -g -O2 -Wall -MT ntfs_3g_probe-ntfs-3g.probe.o -MD -MP -MF .deps/ntfs_3g_probe-ntfs-3g.probe.Tpo -c -o ntfs_3g_probe-ntfs-3g.probe.o `test -f 'ntfs-3g.probe.c' || echo './'`ntfs-3g.probe.c
mv -f .deps/ntfs_3g_probe-ntfs-3g.probe.Tpo .deps/ntfs_3g_probe-ntfs-3g.probe.Po
/bin/bash ../libtool  --tag=CC   --mode=link gcc  -I../include/ntfs-3g -g -O2 -Wall  -all-static  -o ntfs-3g.probe ntfs_3g_probe-ntfs-3g.probe.o ../libntfs-3g/libntfs-3g.la 
libtool: link: gcc -I../include/ntfs-3g -g -O2 -Wall -static -o ntfs-3g.probe ntfs_3g_probe-ntfs-3g.probe.o  ../libntfs-3g/.libs/libntfs-3g.a
gcc -DHAVE_CONFIG_H -I. -I..     -DFUSE_USE_VERSION=26 -I../include/fuse-lite -I../include/ntfs-3g -DPLUGIN_DIR=\"/usr/local/lib/ntfs-3g\" -g -O2 -Wall -MT ntfs_3g-ntfs-3g.o -MD -MP -MF .deps/ntfs_3g-ntfs-3g.Tpo -c -o ntfs_3g-ntfs-3g.o `test -f 'ntfs-3g.c' || echo './'`ntfs-3g.c
mv -f .deps/ntfs_3g-ntfs-3g.Tpo .deps/ntfs_3g-ntfs-3g.Po
gcc -DHAVE_CONFIG_H -I. -I..     -DFUSE_USE_VERSION=26 -I../include/fuse-lite -I../include/ntfs-3g -DPLUGIN_DIR=\"/usr/local/lib/ntfs-3g\" -g -O2 -Wall -MT ntfs_3g-ntfs-3g_common.o -MD -MP -MF .deps/ntfs_3g-ntfs-3g_common.Tpo -c -o ntfs_3g-ntfs-3g_common.o `test -f 'ntfs-3g_common.c' || echo './'`ntfs-3g_common.c
mv -f .deps/ntfs_3g-ntfs-3g_common.Tpo .deps/ntfs_3g-ntfs-3g_common.Po
/bin/bash ../libtool  --tag=CC   --mode=link gcc  -DFUSE_USE_VERSION=26 -I../include/fuse-lite -I../include/ntfs-3g -DPLUGIN_DIR=\"/usr/local/lib/ntfs-3g\" -g -O2 -Wall  -all-static  -o ntfs-3g ntfs_3g-ntfs-3g.o ntfs_3g-ntfs-3g_common.o -ldl ../libfuse-lite/libfuse-lite.la ../libntfs-3g/libntfs-3g.la 
libtool: link: gcc -DFUSE_USE_VERSION=26 -I../include/fuse-lite -I../include/ntfs-3g -DPLUGIN_DIR=\"/usr/local/lib/ntfs-3g\" -g -O2 -Wall -static -o ntfs-3g ntfs_3g-ntfs-3g.o ntfs_3g-ntfs-3g_common.o  -ldl ../libfuse-lite/.libs/libfuse-lite.a -lpthread ../libntfs-3g/.libs/libntfs-3g.a
gcc -DHAVE_CONFIG_H -I. -I..     -DFUSE_USE_VERSION=26 -I../include/fuse-lite -I../include/ntfs-3g -DPLUGIN_DIR=\"/usr/local/lib/ntfs-3g\" -g -O2 -Wall -MT lowntfs_3g-lowntfs-3g.o -MD -MP -MF .deps/lowntfs_3g-lowntfs-3g.Tpo -c -o lowntfs_3g-lowntfs-3g.o `test -f 'lowntfs-3g.c' || echo './'`lowntfs-3g.c
mv -f .deps/lowntfs_3g-lowntfs-3g.Tpo .deps/lowntfs_3g-lowntfs-3g.Po
gcc -DHAVE_CONFIG_H -I. -I..     -DFUSE_USE_VERSION=26 -I../include/fuse-lite -I../include/ntfs-3g -DPLUGIN_DIR=\"/usr/local/lib/ntfs-3g\" -g -O2 -Wall -MT lowntfs_3g-ntfs-3g_common.o -MD -MP -MF .deps/lowntfs_3g-ntfs-3g_common.Tpo -c -o lowntfs_3g-ntfs-3g_common.o `test -f 'ntfs-3g_common.c' || echo './'`ntfs-3g_common.c
mv -f .deps/lowntfs_3g-ntfs-3g_common.Tpo .deps/lowntfs_3g-ntfs-3g_common.Po
/bin/bash ../libtool  --tag=CC   --mode=link gcc  -DFUSE_USE_VERSION=26 -I../include/fuse-lite -I../include/ntfs-3g -DPLUGIN_DIR=\"/usr/local/lib/ntfs-3g\" -g -O2 -Wall  -all-static  -o lowntfs-3g lowntfs_3g-lowntfs-3g.o lowntfs_3g-ntfs-3g_common.o -ldl ../libfuse-lite/libfuse-lite.la ../libntfs-3g/libntfs-3g.la 
libtool: link: gcc -DFUSE_USE_VERSION=26 -I../include/fuse-lite -I../include/ntfs-3g -DPLUGIN_DIR=\"/usr/local/lib/ntfs-3g\" -g -O2 -Wall -static -o lowntfs-3g lowntfs_3g-lowntfs-3g.o lowntfs_3g-ntfs-3g_common.o  -ldl ../libfuse-lite/.libs/libfuse-lite.a -lpthread ../libntfs-3g/.libs/libntfs-3g.a
make[2]: Leaving directory '/root/linux/ntfs-3g_ntfsprogs-2022.5.17/src'
make[2]: Entering directory '/root/linux/ntfs-3g_ntfsprogs-2022.5.17'
make[2]: Leaving directory '/root/linux/ntfs-3g_ntfsprogs-2022.5.17'
make[1]: Leaving directory '/root/linux/ntfs-3g_ntfsprogs-2022.5.17'
